C:\Users\13991\Desktop\EBU6304-Group-102-main\src\main\java\com\bupt\is\controller\AdminController.java
C:\Users\13991\Desktop\EBU6304-Group-102-main\src\main\java\com\bupt\is\controller\ApplicantController.java
C:\Users\13991\Desktop\EBU6304-Group-102-main\src\main\java\com\bupt\is\controller\ApplicationController.java
C:\Users\13991\Desktop\EBU6304-Group-102-main\src\main\java\com\bupt\is\controller\AuthController.java
C:\Users\13991\Desktop\EBU6304-Group-102-main\src\main\java\com\bupt\is\controller\CvDownloadController.java
C:\Users\13991\Desktop\EBU6304-Group-102-main\src\main\java\com\bupt\is\controller\JobController.java
C:\Users\13991\Desktop\EBU6304-Group-102-main\src\main\java\com\bupt\is\controller\UserController.java
C:\Users\13991\Desktop\EBU6304-Group-102-main\src\main\java\com\bupt\is\model\Applicant.java
C:\Users\13991\Desktop\EBU6304-Group-102-main\src\main\java\com\bupt\is\model\ApplicantCV.java
C:\Users\13991\Desktop\EBU6304-Group-102-main\src\main\java\com\bupt\is\model\ApplicantProfile.java
C:\Users\13991\Desktop\EBU6304-Group-102-main\src\main\java\com\bupt\is\model\Application.java
C:\Users\13991\Desktop\EBU6304-Group-102-main\src\main\java\com\bupt\is\model\ApplicationView.java
C:\Users\13991\Desktop\EBU6304-Group-102-main\src\main\java\com\bupt\is\model\Job.java
C:\Users\13991\Desktop\EBU6304-Group-102-main\src\main\java\com\bupt\is\model\User.java
C:\Users\13991\Desktop\EBU6304-Group-102-main\src\main\java\com\bupt\is\repository\ApplicantRepository.java
C:\Users\13991\Desktop\EBU6304-Group-102-main\src\main\java\com\bupt\is\repository\ApplicationRepository.java
C:\Users\13991\Desktop\EBU6304-Group-102-main\src\main\java\com\bupt\is\repository\impl\ApplicantFileRepositoryImpl.java
C:\Users\13991\Desktop\EBU6304-Group-102-main\src\main\java\com\bupt\is\repository\impl\FileApplicationRepository.java
C:\Users\13991\Desktop\EBU6304-Group-102-main\src\main\java\com\bupt\is\repository\impl\FileJobRepository.java
C:\Users\13991\Desktop\EBU6304-Group-102-main\src\main\java\com\bupt\is\repository\impl\FileUserRepository.java
C:\Users\13991\Desktop\EBU6304-Group-102-main\src\main\java\com\bupt\is\repository\JobRepository.java
C:\Users\13991\Desktop\EBU6304-Group-102-main\src\main\java\com\bupt\is\repository\UserRepository.java
C:\Users\13991\Desktop\EBU6304-Group-102-main\src\main\java\com\bupt\is\service\AdminService.java
C:\Users\13991\Desktop\EBU6304-Group-102-main\src\main\java\com\bupt\is\service\ApplicantService.java
C:\Users\13991\Desktop\EBU6304-Group-102-main\src\main\java\com\bupt\is\service\ApplicationService.java
C:\Users\13991\Desktop\EBU6304-Group-102-main\src\main\java\com\bupt\is\service\AuthService.java
C:\Users\13991\Desktop\EBU6304-Group-102-main\src\main\java\com\bupt\is\service\impl\AdminServiceImpl.java
C:\Users\13991\Desktop\EBU6304-Group-102-main\src\main\java\com\bupt\is\service\impl\ApplicantServiceImpl.java
C:\Users\13991\Desktop\EBU6304-Group-102-main\src\main\java\com\bupt\is\service\impl\ApplicationServiceImpl.java
C:\Users\13991\Desktop\EBU6304-Group-102-main\src\main\java\com\bupt\is\service\impl\AuthServiceImpl.java
C:\Users\13991\Desktop\EBU6304-Group-102-main\src\main\java\com\bupt\is\service\impl\JobServiceImpl.java
C:\Users\13991\Desktop\EBU6304-Group-102-main\src\main\java\com\bupt\is\service\impl\UserServiceImpl.java
C:\Users\13991\Desktop\EBU6304-Group-102-main\src\main\java\com\bupt\is\service\JobService.java
C:\Users\13991\Desktop\EBU6304-Group-102-main\src\main\java\com\bupt\is\service\MatchingService.java
C:\Users\13991\Desktop\EBU6304-Group-102-main\src\main\java\com\bupt\is\service\UserService.java
C:\Users\13991\Desktop\EBU6304-Group-102-main\src\main\java\com\bupt\is\util\FileService.java
C:\Users\13991\Desktop\EBU6304-Group-102-main\src\main\java\com\bupt\is\util\GsonUtil.java
C:\Users\13991\Desktop\EBU6304-Group-102-main\src\main\java\com\bupt\is\util\IdGenerator.java
